/cluster/medbow/home/nmille39/python_projects/venv/lib/python3.12/site-packages/scipy/integrate/_quadpack_py.py:1260: IntegrationWarning: The occurrence of roundoff error is detected, which prevents 
  the requested tolerance from being achieved.  The error may be 
  underestimated.
  quad_r = quad(f, low, high, args=args, full_output=self.full_output,
/cluster/medbow/home/nmille39/python_projects/venv/lib/python3.12/site-packages/scipy/integrate/_quadpack_py.py:1260: IntegrationWarning: The occurrence of roundoff error is detected, which prevents 
  the requested tolerance from being achieved.  The error may be 
  underestimated.
  quad_r = quad(f, low, high, args=args, full_output=self.full_output,
/cluster/medbow/home/nmille39/python_projects/venv/lib/python3.12/site-packages/scipy/integrate/_quadpack_py.py:1260: IntegrationWarning: The occurrence of roundoff error is detected, which prevents 
  the requested tolerance from being achieved.  The error may be 
  underestimated.
  quad_r = quad(f, low, high, args=args, full_output=self.full_output,
/cluster/medbow/project/joycelab-niall/MDF_GCE_GA/mdf_plotting.py:1074: UserWarning: This figure includes Axes that are not compatible with tight_layout, so results might be incorrect.
  plt.tight_layout()
/cluster/medbow/home/nmille39/python_projects/venv/lib/python3.12/site-packages/scipy/integrate/_quadpack_py.py:1260: IntegrationWarning: The occurrence of roundoff error is detected, which prevents 
  the requested tolerance from being achieved.  The error may be 
  underestimated.
  quad_r = quad(f, low, high, args=args, full_output=self.full_output,
/cluster/medbow/home/nmille39/python_projects/venv/lib/python3.12/site-packages/scipy/integrate/_quadpack_py.py:1260: IntegrationWarning: The occurrence of roundoff error is detected, which prevents 
  the requested tolerance from being achieved.  The error may be 
  underestimated.
  quad_r = quad(f, low, high, args=args, full_output=self.full_output,
/cluster/medbow/home/nmille39/python_projects/venv/lib/python3.12/site-packages/scipy/integrate/_quadpack_py.py:1260: IntegrationWarning: The occurrence of roundoff error is detected, which prevents 
  the requested tolerance from being achieved.  The error may be 
  underestimated.
  quad_r = quad(f, low, high, args=args, full_output=self.full_output,
/cluster/medbow/home/nmille39/python_projects/venv/lib/python3.12/site-packages/scipy/integrate/_quadpack_py.py:1260: IntegrationWarning: The occurrence of roundoff error is detected, which prevents 
  the requested tolerance from being achieved.  The error may be 
  underestimated.
  quad_r = quad(f, low, high, args=args, full_output=self.full_output,
/cluster/medbow/project/joycelab-niall/MDF_GCE_GA/mdf_plotting.py:1074: UserWarning: This figure includes Axes that are not compatible with tight_layout, so results might be incorrect.
  plt.tight_layout()
/cluster/medbow/home/nmille39/python_projects/venv/lib/python3.12/site-packages/scipy/integrate/_quadpack_py.py:1260: IntegrationWarning: The occurrence of roundoff error is detected, which prevents 
  the requested tolerance from being achieved.  The error may be 
  underestimated.
  quad_r = quad(f, low, high, args=args, full_output=self.full_output,
/cluster/medbow/project/joycelab-niall/MDF_GCE_GA/mdf_plotting.py:1074: UserWarning: This figure includes Axes that are not compatible with tight_layout, so results might be incorrect.
  plt.tight_layout()
/cluster/medbow/home/nmille39/python_projects/venv/lib/python3.12/site-packages/scipy/integrate/_quadpack_py.py:1260: IntegrationWarning: The occurrence of roundoff error is detected, which prevents 
  the requested tolerance from being achieved.  The error may be 
  underestimated.
  quad_r = quad(f, low, high, args=args, full_output=self.full_output,
/cluster/medbow/home/nmille39/python_projects/venv/lib/python3.12/site-packages/scipy/integrate/_quadpack_py.py:1260: IntegrationWarning: The occurrence of roundoff error is detected, which prevents 
  the requested tolerance from being achieved.  The error may be 
  underestimated.
  quad_r = quad(f, low, high, args=args, full_output=self.full_output,
/cluster/medbow/project/joycelab-niall/MDF_GCE_GA/mdf_plotting.py:1074: UserWarning: This figure includes Axes that are not compatible with tight_layout, so results might be incorrect.
  plt.tight_layout()
/cluster/medbow/project/joycelab-niall/MDF_GCE_GA/mdf_plotting.py:1074: UserWarning: This figure includes Axes that are not compatible with tight_layout, so results might be incorrect.
  plt.tight_layout()
